rasptest1 | SUCCESS => {
    "ansible_facts": {
        "ansible_all_ipv4_addresses": [
            "192.168.1.253"
        ], 
        "ansible_all_ipv6_addresses": [
            "fdf2:3c3a:a76f:1:a00:27ff:fe26:154c", 
            "fe80::a00:27ff:fe26:154c", 
            "fdf2:3c3a:a76f:1:99c3:5a1d:23f9:1164"
        ], 
        "ansible_apparmor": {
            "status": "enabled"
        }, 
        "ansible_architecture": "x86_64", 
        "ansible_bios_date": "12/01/2006", 
        "ansible_bios_version": "VirtualBox", 
        "ansible_cmdline": {
            "BOOT_IMAGE": "/vmlinuz-4.19.0-6-amd64", 
            "quiet": true, 
            "ro": true, 
            "root": "/dev/mapper/rasptest1--vg-root"
        }, 
        "ansible_date_time": {
            "date": "2019-09-30", 
            "day": "30", 
            "epoch": "1569841352", 
            "hour": "12", 
            "iso8601": "2019-09-30T11:02:32Z", 
            "iso8601_basic": "20190930T120232337956", 
            "iso8601_basic_short": "20190930T120232", 
            "iso8601_micro": "2019-09-30T11:02:32.338019Z", 
            "minute": "02", 
            "month": "09", 
            "second": "32", 
            "time": "12:02:32", 
            "tz": "BST", 
            "tz_offset": "+0100", 
            "weekday": "Monday", 
            "weekday_number": "1", 
            "weeknumber": "39", 
            "year": "2019"
        }, 
        "ansible_default_ipv4": {
            "address": "192.168.1.253", 
            "alias": "enp0s3", 
            "broadcast": "192.168.1.255", 
            "gateway": "192.168.1.1", 
            "interface": "enp0s3", 
            "macaddress": "08:00:27:26:15:4c", 
            "mtu": 1500, 
            "netmask": "255.255.255.0", 
            "network": "192.168.1.0", 
            "type": "ether"
        }, 
        "ansible_default_ipv6": {}, 
        "ansible_device_links": {
            "ids": {
                "dm-0": [
                    "dm-name-rasptest1--vg-root", 
                    "dm-uuid-LVM-mEH3Rv3aYUygP406JEsUQMFV8L3ruJwMv0MJz4lbr970YJporbztW07b37TNMQrz"
                ], 
                "dm-1": [
                    "dm-name-rasptest1--vg-swap_1", 
                    "dm-uuid-LVM-mEH3Rv3aYUygP406JEsUQMFV8L3ruJwMYbj8M6KPY2MIornEkzLG3HbxpSATu7w5"
                ], 
                "sda": [
                    "ata-VBOX_HARDDISK_VB69d2f2d2-73e7082a"
                ], 
                "sda1": [
                    "ata-VBOX_HARDDISK_VB69d2f2d2-73e7082a-part1"
                ], 
                "sda2": [
                    "ata-VBOX_HARDDISK_VB69d2f2d2-73e7082a-part2"
                ], 
                "sda5": [
                    "ata-VBOX_HARDDISK_VB69d2f2d2-73e7082a-part5", 
                    "lvm-pv-uuid-wHUUw0-AqdH-8HDF-kQkD-OtMW-fjMx-5BKTgH"
                ], 
                "sr0": [
                    "ata-VBOX_CD-ROM_VB2-01700376"
                ]
            }, 
            "labels": {}, 
            "masters": {
                "sda5": [
                    "dm-0", 
                    "dm-1"
                ]
            }, 
            "uuids": {
                "dm-0": [
                    "9580f751-b0a9-4bc9-a545-2c7f20b18451"
                ], 
                "dm-1": [
                    "28b2b17f-83f7-4131-98d9-acb368f9b8f5"
                ], 
                "sda1": [
                    "d308b785-fa56-4f17-ae1c-dbf933c68a6c"
                ]
            }
        }, 
        "ansible_devices": {
            "dm-0": {
                "holders": [], 
                "host": "", 
                "links": {
                    "ids": [
                        "dm-name-rasptest1--vg-root", 
                        "dm-uuid-LVM-mEH3Rv3aYUygP406JEsUQMFV8L3ruJwMv0MJz4lbr970YJporbztW07b37TNMQrz"
                    ], 
                    "labels": [], 
                    "masters": [], 
                    "uuids": [
                        "9580f751-b0a9-4bc9-a545-2c7f20b18451"
                    ]
                }, 
                "model": null, 
                "partitions": {}, 
                "removable": "0", 
                "rotational": "1", 
                "sas_address": null, 
                "sas_device_handle": null, 
                "scheduler_mode": "", 
                "sectors": "22511616", 
                "sectorsize": "512", 
                "size": "10.73 GB", 
                "support_discard": "0", 
                "vendor": null, 
                "virtual": 1
            }, 
            "dm-1": {
                "holders": [], 
                "host": "", 
                "links": {
                    "ids": [
                        "dm-name-rasptest1--vg-swap_1", 
                        "dm-uuid-LVM-mEH3Rv3aYUygP406JEsUQMFV8L3ruJwMYbj8M6KPY2MIornEkzLG3HbxpSATu7w5"
                    ], 
                    "labels": [], 
                    "masters": [], 
                    "uuids": [
                        "28b2b17f-83f7-4131-98d9-acb368f9b8f5"
                    ]
                }, 
                "model": null, 
                "partitions": {}, 
                "removable": "0", 
                "rotational": "1", 
                "sas_address": null, 
                "sas_device_handle": null, 
                "scheduler_mode": "", 
                "sectors": "2088960", 
                "sectorsize": "512", 
                "size": "1020.00 MB", 
                "support_discard": "0", 
                "vendor": null, 
                "virtual": 1
            }, 
            "sda": {
                "holders": [], 
                "host": "SATA controller: Intel Corporation 82801HM/HEM (ICH8M/ICH8M-E) SATA Controller [AHCI mode] (rev 02)", 
                "links": {
                    "ids": [
                        "ata-VBOX_HARDDISK_VB69d2f2d2-73e7082a"
                    ], 
                    "labels": [], 
                    "masters": [], 
                    "uuids": []
                }, 
                "model": "VBOX HARDDISK", 
                "partitions": {
                    "sda1": {
                        "holders": [], 
                        "links": {
                            "ids": [
                                "ata-VBOX_HARDDISK_VB69d2f2d2-73e7082a-part1"
                            ], 
                            "labels": [], 
                            "masters": [], 
                            "uuids": [
                                "d308b785-fa56-4f17-ae1c-dbf933c68a6c"
                            ]
                        }, 
                        "sectors": "497664", 
                        "sectorsize": 512, 
                        "size": "243.00 MB", 
                        "start": "2048", 
                        "uuid": "d308b785-fa56-4f17-ae1c-dbf933c68a6c"
                    }, 
                    "sda2": {
                        "holders": [], 
                        "links": {
                            "ids": [
                                "ata-VBOX_HARDDISK_VB69d2f2d2-73e7082a-part2"
                            ], 
                            "labels": [], 
                            "masters": [], 
                            "uuids": []
                        }, 
                        "sectors": "2", 
                        "sectorsize": 512, 
                        "size": "1.00 KB", 
                        "start": "501758", 
                        "uuid": null
                    }, 
                    "sda5": {
                        "holders": [
                            "rasptest1--vg-swap_1", 
                            "rasptest1--vg-root"
                        ], 
                        "links": {
                            "ids": [
                                "ata-VBOX_HARDDISK_VB69d2f2d2-73e7082a-part5", 
                                "lvm-pv-uuid-wHUUw0-AqdH-8HDF-kQkD-OtMW-fjMx-5BKTgH"
                            ], 
                            "labels": [], 
                            "masters": [
                                "dm-0", 
                                "dm-1"
                            ], 
                            "uuids": []
                        }, 
                        "sectors": "24662016", 
                        "sectorsize": 512, 
                        "size": "11.76 GB", 
                        "start": "501760", 
                        "uuid": null
                    }
                }, 
                "removable": "0", 
                "rotational": "1", 
                "sas_address": null, 
                "sas_device_handle": null, 
                "scheduler_mode": "mq-deadline", 
                "sectors": "25165824", 
                "sectorsize": "512", 
                "size": "12.00 GB", 
                "support_discard": "0", 
                "vendor": "ATA", 
                "virtual": 1
            }, 
            "sr0": {
                "holders": [], 
                "host": "IDE interface: Intel Corporation 82371AB/EB/MB PIIX4 IDE (rev 01)", 
                "links": {
                    "ids": [
                        "ata-VBOX_CD-ROM_VB2-01700376"
                    ], 
                    "labels": [], 
                    "masters": [], 
                    "uuids": []
                }, 
                "model": "CD-ROM", 
                "partitions": {}, 
                "removable": "1", 
                "rotational": "1", 
                "sas_address": null, 
                "sas_device_handle": null, 
                "scheduler_mode": "mq-deadline", 
                "sectors": "2097151", 
                "sectorsize": "512", 
                "size": "1024.00 MB", 
                "support_discard": "0", 
                "vendor": "VBOX", 
                "virtual": 1
            }
        }, 
        "ansible_distribution": "Debian", 
        "ansible_distribution_file_parsed": true, 
        "ansible_distribution_file_path": "/etc/os-release", 
        "ansible_distribution_file_variety": "Debian", 
        "ansible_distribution_major_version": "10", 
        "ansible_distribution_release": "buster", 
        "ansible_distribution_version": "10", 
        "ansible_dns": {
            "nameservers": [
                "192.168.1.1"
            ], 
            "search": [
                "houseofbears.co.uk"
            ]
        }, 
        "ansible_domain": "", 
        "ansible_effective_group_id": 100, 
        "ansible_effective_user_id": 1024, 
        "ansible_enp0s3": {
            "active": true, 
            "device": "enp0s3", 
            "ipv4": {
                "address": "192.168.1.253", 
                "broadcast": "192.168.1.255", 
                "netmask": "255.255.255.0", 
                "network": "192.168.1.0"
            }, 
            "ipv6": [
                {
                    "address": "fdf2:3c3a:a76f:1:a00:27ff:fe26:154c", 
                    "prefix": "64", 
                    "scope": "global"
                }, 
                {
                    "address": "fe80::a00:27ff:fe26:154c", 
                    "prefix": "64", 
                    "scope": "link"
                }, 
                {
                    "address": "fdf2:3c3a:a76f:1:99c3:5a1d:23f9:1164", 
                    "prefix": "64", 
                    "scope": "global"
                }
            ], 
            "macaddress": "08:00:27:26:15:4c", 
            "module": "e1000", 
            "mtu": 1500, 
            "pciid": "0000:00:03.0", 
            "promisc": false, 
            "speed": 1000, 
            "type": "ether"
        }, 
        "ansible_env": {
            "DBUS_SESSION_BUS_ADDRESS": "unix:path=/run/user/1024/bus", 
            "HOME": "/home/homelab", 
            "LANG": "en_GB.UTF-8", 
            "LANGUAGE": "en_GB:en", 
            "LOGNAME": "homelab", 
            "MAIL": "/var/mail/homelab", 
            "PATH": "/usr/local/bin:/usr/bin:/bin:/usr/games", 
            "PWD": "/home/homelab", 
            "SHELL": "/bin/bash", 
            "SHLVL": "0", 
            "SSH_CLIENT": "192.168.1.100 33604 22", 
            "SSH_CONNECTION": "192.168.1.100 33604 192.168.1.253 22", 
            "SSH_TTY": "/dev/pts/0", 
            "TERM": "xterm-256color", 
            "USER": "homelab", 
            "XDG_RUNTIME_DIR": "/run/user/1024", 
            "XDG_SESSION_CLASS": "user", 
            "XDG_SESSION_ID": "12", 
            "XDG_SESSION_TYPE": "tty", 
            "_": "/bin/sh"
        }, 
        "ansible_fibre_channel_wwn": [], 
        "ansible_fips": false, 
        "ansible_form_factor": "Other", 
        "ansible_fqdn": "rasptest1", 
        "ansible_hostname": "rasptest1", 
        "ansible_hostnqn": "", 
        "ansible_interfaces": [
            "lo", 
            "enp0s3"
        ], 
        "ansible_is_chroot": false, 
        "ansible_iscsi_iqn": "", 
        "ansible_kernel": "4.19.0-6-amd64", 
        "ansible_lo": {
            "active": true, 
            "device": "lo", 
            "ipv4": {
                "address": "127.0.0.1", 
                "broadcast": "host", 
                "netmask": "255.0.0.0", 
                "network": "127.0.0.0"
            }, 
            "ipv6": [
                {
                    "address": "::1", 
                    "prefix": "128", 
                    "scope": "host"
                }
            ], 
            "mtu": 65536, 
            "promisc": false, 
            "type": "loopback"
        }, 
        "ansible_local": {}, 
        "ansible_lsb": {
            "codename": "buster", 
            "description": "Debian GNU/Linux 10 (buster)", 
            "id": "Debian", 
            "major_release": "10", 
            "release": "10"
        }, 
        "ansible_machine": "x86_64", 
        "ansible_machine_id": "b055e782142f432688ccce9ca028f4a2", 
        "ansible_memfree_mb": 210, 
        "ansible_memory_mb": {
            "nocache": {
                "free": 600, 
                "used": 387
            }, 
            "real": {
                "free": 210, 
                "total": 987, 
                "used": 777
            }, 
            "swap": {
                "cached": 0, 
                "free": 1019, 
                "total": 1019, 
                "used": 0
            }
        }, 
        "ansible_memtotal_mb": 987, 
        "ansible_mounts": [
            {
                "block_available": 169198, 
                "block_size": 1024, 
                "block_total": 240972, 
                "block_used": 71774, 
                "device": "/dev/sda1", 
                "fstype": "ext2", 
                "inode_available": 61909, 
                "inode_total": 62248, 
                "inode_used": 339, 
                "mount": "/boot", 
                "options": "rw,relatime", 
                "size_available": 173258752, 
                "size_total": 246755328, 
                "uuid": "d308b785-fa56-4f17-ae1c-dbf933c68a6c"
            }, 
            {
                "block_available": 1551276, 
                "block_size": 4096, 
                "block_total": 2753334, 
                "block_used": 1202058, 
                "device": "/dev/mapper/rasptest1--vg-root", 
                "fstype": "ext4", 
                "inode_available": 555690, 
                "inode_total": 704512, 
                "inode_used": 148822, 
                "mount": "/", 
                "options": "rw,relatime,errors=remount-ro", 
                "size_available": 6354026496, 
                "size_total": 11277656064, 
                "uuid": "9580f751-b0a9-4bc9-a545-2c7f20b18451"
            }
        ], 
        "ansible_nodename": "rasptest1", 
        "ansible_os_family": "Debian", 
        "ansible_pkg_mgr": "apt", 
        "ansible_proc_cmdline": {
            "BOOT_IMAGE": "/vmlinuz-4.19.0-6-amd64", 
            "quiet": true, 
            "ro": true, 
            "root": "/dev/mapper/rasptest1--vg-root"
        }, 
        "ansible_processor": [
            "0", 
            "GenuineIntel", 
            "Intel(R) Core(TM) i7-7500U CPU @ 2.70GHz"
        ], 
        "ansible_processor_cores": 1, 
        "ansible_processor_count": 1, 
        "ansible_processor_threads_per_core": 1, 
        "ansible_processor_vcpus": 1, 
        "ansible_product_name": "VirtualBox", 
        "ansible_product_serial": "NA", 
        "ansible_product_uuid": "NA", 
        "ansible_product_version": "1.2", 
        "ansible_python": {
            "executable": "/usr/bin/python", 
            "has_sslcontext": true, 
            "type": "CPython", 
            "version": {
                "major": 2, 
                "micro": 16, 
                "minor": 7, 
                "releaselevel": "final", 
                "serial": 0
            }, 
            "version_info": [
                2, 
                7, 
                16, 
                "final", 
                0
            ]
        }, 
        "ansible_python_version": "2.7.16", 
        "ansible_real_group_id": 100, 
        "ansible_real_user_id": 1024, 
        "ansible_selinux": {
            "status": "Missing selinux Python library"
        }, 
        "ansible_selinux_python_present": false, 
        "ansible_service_mgr": "systemd", 
        "ansible_ssh_host_key_ecdsa_public": "AAAAE2VjZHNhLXNoYTItbmlzdHAyNTYAAAAIbmlzdHAyNTYAAABBBPNT3F391vSxlf0QY5D4BFBFOyO02pzm368Dwe9NYHIqOW4YWkv6wWvOIJNOfCdvNogcfEy0pcPd6ZIjXsnOqFs=", 
        "ansible_ssh_host_key_ed25519_public": "AAAAC3NzaC1lZDI1NTE5AAAAIF4BUQhJPRszwBqZ2NOrrRMcuOp8oIFI9+T+GAeqVbOR", 
        "ansible_ssh_host_key_rsa_public": "AAAAB3NzaC1yc2EAAAADAQABAAABAQCwXKdWX0TOyLHSbepem/pnmbj6Bie+CUOKKSO63B4Vq//GfvQMcu+lPYyyG3KTsjb30liy6IuxfxbVvpNM6BhUIOA5BoHasjKPVA8588qfFBSwMk6XrV2EervYpqQByjuMqCOFPgUT2smm2JGFk59DuLt5TMe0O4Cge+OxJQCS4UEEo8q/qHatJVP9dqSbmHwUHn5O+qSK+ju6nhuvHS4aGHEEoft3ZVVqeUp//C8MZkhP18uWegTwfxy4wvNV/PLynLZvqX3ew19285hQwOXXi90nH5heHV+06xD0Yvp85/KTg/mHAaOhw+HFNETCxWqUpT893BeavyIEnx31irGf", 
        "ansible_swapfree_mb": 1019, 
        "ansible_swaptotal_mb": 1019, 
        "ansible_system": "Linux", 
        "ansible_system_capabilities": [
            ""
        ], 
        "ansible_system_capabilities_enforced": "True", 
        "ansible_system_vendor": "innotek GmbH", 
        "ansible_uptime_seconds": 3605, 
        "ansible_user_dir": "/home/homelab", 
        "ansible_user_gecos": "HomeLab user", 
        "ansible_user_gid": 100, 
        "ansible_user_id": "homelab", 
        "ansible_user_shell": "/bin/bash", 
        "ansible_user_uid": 1024, 
        "ansible_userspace_architecture": "x86_64", 
        "ansible_userspace_bits": "64", 
        "ansible_virtualization_role": "guest", 
        "ansible_virtualization_type": "virtualbox", 
        "discovered_interpreter_python": "/usr/bin/python", 
        "gather_subset": [
            "all"
        ], 
        "module_setup": true
    }, 
    "changed": false
}
